C51 COMPILER V7.07   FW                                                                    10/22/2021 20:06:01 PAGE 1   


C51 COMPILER V7.07, COMPILATION OF MODULE FW
OBJECT MODULE PLACED IN FW.OBJ
COMPILER INVOKED BY: E:\keil_cypress\C51\BIN\C51.EXE FW.C OPTIMIZE(6,SPEED) DEBUG OBJECTEXTEND

stmt level    source

   1          //-----------------------------------------------------------------------------
   2          // File:      fw.c
   3          // Contents:  Firmware frameworks task dispatcher and device request parser
   4          //            source.
   5          //
   6          // indent 3.  NO TABS!
   7          //
   8          // $Revision: 17 $
   9          // $Date: 11/15/01 5:45p $
  10          //
  11          // Copyright (c) 2002 Cypress Semiconductor, Inc. All rights reserved
  12          //-----------------------------------------------------------------------------
  13          #include "fx2.h"
  14          #include "fx2regs.h"
  15          
  16          //-----------------------------------------------------------------------------
  17          // Constants
  18          //-----------------------------------------------------------------------------
  19          #define DELAY_COUNT   0x9248*8L  // Delay for 8 sec at 24Mhz, 4 sec at 48
  20          #define _IFREQ  24000            // IFCLK constant for Synchronization Delay
  21          #define _CFREQ  48000            // CLKOUT constant for Synchronization Delay
  22          
  23          //-----------------------------------------------------------------------------
  24          // Random Macros
  25          //-----------------------------------------------------------------------------
  26          #define   min(a,b) (((a)<(b))?(a):(b))
  27          #define   max(a,b) (((a)>(b))?(a):(b))
  28          
  29            // Registers which require a synchronization delay, see section 15.14
  30            // FIFORESET        FIFOPINPOLAR
  31            // INPKTEND         OUTPKTEND
  32            // EPxBCH:L         REVCTL
  33            // GPIFTCB3         GPIFTCB2
  34            // GPIFTCB1         GPIFTCB0
  35            // EPxFIFOPFH:L     EPxAUTOINLENH:L
  36            // EPxFIFOCFG       EPxGPIFFLGSEL
  37            // PINFLAGSxx       EPxFIFOIRQ
  38            // EPxFIFOIE        GPIFIRQ
  39            // GPIFIE           GPIFADRH:L
  40            // UDMACRCH:L       EPxGPIFTRIG
  41            // GPIFTRIG
  42            
  43            // Note: The pre-REVE EPxGPIFTCH/L register are affected, as well...
  44            //      ...these have been replaced by GPIFTC[B3:B0] registers
  45            
  46          #include "fx2sdly.h"             // Define _IFREQ and _CFREQ above this #include
  47          
  48          //-----------------------------------------------------------------------------
  49          // Global Variables
  50          //-----------------------------------------------------------------------------
  51          volatile BOOL   GotSUD;
  52          BOOL      Rwuen;
  53          BOOL      Selfpwr;
  54          volatile BOOL   Sleep;                  // Sleep mode enable flag
  55          
C51 COMPILER V7.07   FW                                                                    10/22/2021 20:06:01 PAGE 2   

  56          WORD   pDeviceDscr;   // Pointer to Device Descriptor; Descriptors may be moved
  57          WORD   pDeviceQualDscr;
  58          WORD   pHighSpeedConfigDscr;
  59          WORD   pFullSpeedConfigDscr;   
  60          WORD   pConfigDscr;
  61          WORD   pOtherConfigDscr;   
  62          WORD   pStringDscr;   
  63          
  64          //-----------------------------------------------------------------------------
  65          // Prototypes
  66          //-----------------------------------------------------------------------------
  67          void SetupCommand(void);
  68          void TD_Init(void);
  69          void TD_Poll(void);
  70          BOOL TD_Suspend(void);
  71          BOOL TD_Resume(void);
  72          
  73          BOOL DR_GetDescriptor(void);
  74          BOOL DR_SetConfiguration(void);
  75          BOOL DR_GetConfiguration(void);
  76          BOOL DR_SetInterface(void);
  77          BOOL DR_GetInterface(void);
  78          BOOL DR_GetStatus(void);
  79          BOOL DR_ClearFeature(void);
  80          BOOL DR_SetFeature(void);
  81          BOOL DR_VendorCmnd(void);
  82          
  83          // this table is used by the epcs macro 
  84          const char code  EPCS_Offset_Lookup_Table[] =
  85          {
  86             0,    // EP1OUT
  87             1,    // EP1IN
  88             2,    // EP2OUT
  89             2,    // EP2IN
  90             3,    // EP4OUT
  91             3,    // EP4IN
  92             4,    // EP6OUT
  93             4,    // EP6IN
  94             5,    // EP8OUT
  95             5,    // EP8IN
  96          };
  97          
  98          // macro for generating the address of an endpoint's control and status register (EPnCS)
  99          #define epcs(EP) (EPCS_Offset_Lookup_Table[(EP & 0x7E) | (EP > 128)] + 0xE6A1)
 100          
 101          //-----------------------------------------------------------------------------
 102          // Code
 103          //-----------------------------------------------------------------------------
 104          
 105          // Task dispatcher
 106          void main(void)
 107          {
 108   1         DWORD   i;
 109   1         WORD   offset;
 110   1         DWORD   DevDescrLen;
 111   1         DWORD   j=0;
 112   1         WORD   IntDescrAddr;
 113   1         WORD   ExtDescrAddr;
 114   1         DWORD   tCount=0;
 115   1         // Initialize Global States
 116   1         Sleep = FALSE;               // Disable sleep mode
 117   1         Rwuen = FALSE;               // Disable remote wakeup
C51 COMPILER V7.07   FW                                                                    10/22/2021 20:06:01 PAGE 3   

 118   1         Selfpwr = FALSE;            // Disable self powered
 119   1         GotSUD = FALSE;               // Clear "Got setup data" flag
 120   1      
 121   1      
 122   1              
 123   1         // Initialize user device
 124   1          TD_Init();
 125   1         
 126   1      
 127   1         // The following section of code is used to relocate the descriptor table. 
 128   1         // Since the SUDPTRH and SUDPTRL are assigned the address of the descriptor 
 129   1         // table, the descriptor table must be located in on-part memory.
 130   1         // The 4K demo tools locate all code sections in external memory.
 131   1         // The descriptor table is relocated by the frameworks ONLY if it is found 
 132   1         // to be located in external memory.
 133   1         pDeviceDscr = (WORD)&DeviceDscr;
 134   1         pDeviceQualDscr = (WORD)&DeviceQualDscr;
 135   1         pHighSpeedConfigDscr = (WORD)&HighSpeedConfigDscr;
 136   1         pFullSpeedConfigDscr = (WORD)&FullSpeedConfigDscr;
 137   1         pStringDscr = (WORD)&StringDscr;
 138   1      
 139   1         if (EZUSB_HIGHSPEED())
 140   1         {
 141   2            pConfigDscr = pHighSpeedConfigDscr;
 142   2            pOtherConfigDscr = pFullSpeedConfigDscr;
 143   2         }
 144   1         else
 145   1         {
 146   2            pConfigDscr = pFullSpeedConfigDscr;
 147   2            pOtherConfigDscr = pHighSpeedConfigDscr;
 148   2         }
 149   1      
 150   1         if ((WORD)&DeviceDscr & 0xe000)
 151   1         {
 152   2            IntDescrAddr = INTERNAL_DSCR_ADDR;
 153   2            ExtDescrAddr = (WORD)&DeviceDscr;
 154   2            DevDescrLen = (WORD)&UserDscr - (WORD)&DeviceDscr + 2;
 155   2            for (i = 0; i < DevDescrLen; i++)
 156   2               *((BYTE xdata *)IntDescrAddr+i) = 0xCD;
 157   2            for (i = 0; i < DevDescrLen; i++)
 158   2               *((BYTE xdata *)IntDescrAddr+i) = *((BYTE xdata *)ExtDescrAddr+i);
 159   2            pDeviceDscr = IntDescrAddr;
 160   2            offset = (WORD)&DeviceDscr - INTERNAL_DSCR_ADDR;
 161   2            pDeviceQualDscr -= offset;
 162   2            pConfigDscr -= offset;
 163   2            pOtherConfigDscr -= offset;
 164   2            pHighSpeedConfigDscr -= offset;
 165   2            pFullSpeedConfigDscr -= offset;
 166   2            pStringDscr -= offset;
 167   2         }
 168   1      
 169   1         EZUSB_IRQ_ENABLE();            // Enable USB interrupt (INT2)
 170   1         EZUSB_ENABLE_RSMIRQ();            // Wake-up interrupt
 171   1      
 172   1         INTSETUP |= (bmAV2EN | bmAV4EN);     // Enable INT 2 & 4 autovectoring
 173   1      
 174   1         USBIE |= bmSUDAV | bmSUTOK | bmSUSP | bmURES | bmHSGRANT;   // Enable selected interrupts
 175   1         EA = 1;                  // Enable 8051 interrupts
 176   1      
 177   1      #ifndef NO_RENUM
 178   1         // Renumerate if necessary.  Do this by checking the renum bit.  If it
 179   1         // is already set, there is no need to renumerate.  The renum bit will
C51 COMPILER V7.07   FW                                                                    10/22/2021 20:06:01 PAGE 4   

 180   1         // already be set if this firmware was loaded from an eeprom.
 181   1         if(!(USBCS & bmRENUM))
 182   1         {
 183   2             EZUSB_Discon(TRUE);   // renumerate
 184   2         }
 185   1      #endif
 186   1      
 187   1         // unconditionally re-connect.  If we loaded from eeprom we are
 188   1         // disconnected and need to connect.  If we just renumerated this
 189   1         // is not necessary but doesn't hurt anything
 190   1         USBCS &=~bmDISCON;
 191   1      
 192   1         CKCON = (CKCON&(~bmSTRETCH)) | FW_STRETCH_VALUE; // Set stretch to 0 (after renumeration)
 193   1      
 194   1         // clear the Sleep flag.
 195   1         Sleep = FALSE;
 196   1      
 197   1      
 198   1      
 199   1         // Task Dispatcher
 200   1         while(TRUE)               // Main Loop
 201   1         {
 202   2            if(GotSUD)            // Wait for SUDAV
 203   2            {
 204   3               SetupCommand();          // Implement setup command
 205   3                 GotSUD = FALSE;            // Clear SUDAV flag
 206   3            }
 207   2      
 208   2            // Poll User Device
 209   2            // NOTE: Idle mode stops the processor clock.  There are only two
 210   2            // ways out of idle mode, the WAKEUP pin, and detection of the USB
 211   2            // resume state on the USB bus.  The timers will stop and the
 212   2            // processor will not wake up on any other interrupts.
 213   2            if (Sleep)
 214   2                {
 215   3                if(TD_Suspend())
 216   3                    { 
 217   4                    Sleep = FALSE;            // Clear the "go to sleep" flag.  Do it here to prevent any race c
             -ondition between wakeup and the next sleep.
 218   4                    do
 219   4                        {
 220   5                          EZUSB_Susp();         // Place processor in idle mode.
 221   5                        }
 222   4                      while(!Rwuen && EZUSB_EXTWAKEUP());
 223   4                      // Must continue to go back into suspend if the host has disabled remote wakeup
 224   4                      // *and* the wakeup was caused by the external wakeup pin.
 225   4                      
 226   4                   // 8051 activity will resume here due to USB bus or Wakeup# pin activity.
 227   4                   EZUSB_Resume();   // If source is the Wakeup# pin, signal the host to Resume.      
 228   4                   TD_Resume();
 229   4                    }   
 230   3                }
 231   2      
 232   2              
 233   2              
 234   2              TD_Poll();
 235   2      
 236   2         }
 237   1      }
 238          
 239          // Device request parser
 240          void SetupCommand(void)
C51 COMPILER V7.07   FW                                                                    10/22/2021 20:06:01 PAGE 5   

 241          {
 242   1         void   *dscr_ptr;
 243   1      
 244   1         switch(SETUPDAT[1])
 245   1         {
 246   2            case SC_GET_DESCRIPTOR:                  // *** Get Descriptor
 247   2               if(DR_GetDescriptor())
 248   2                  switch(SETUPDAT[3])         
 249   2                  {
 250   3                     case GD_DEVICE:            // Device
 251   3                        SUDPTRH = MSB(pDeviceDscr);
 252   3                        SUDPTRL = LSB(pDeviceDscr);
 253   3                        break;
 254   3                     case GD_DEVICE_QUALIFIER:            // Device Qualifier
 255   3                        SUDPTRH = MSB(pDeviceQualDscr);
 256   3                        SUDPTRL = LSB(pDeviceQualDscr);
 257   3                        break;
 258   3                     case GD_CONFIGURATION:         // Configuration
 259   3                        SUDPTRH = MSB(pConfigDscr);
 260   3                        SUDPTRL = LSB(pConfigDscr);
 261   3                        break;
 262   3                     case GD_OTHER_SPEED_CONFIGURATION:  // Other Speed Configuration
 263   3                        SUDPTRH = MSB(pOtherConfigDscr);
 264   3                        SUDPTRL = LSB(pOtherConfigDscr);
 265   3                        break;
 266   3                     case GD_STRING:            // String
 267   3                        if(dscr_ptr = (void *)EZUSB_GetStringDscr(SETUPDAT[2]))
 268   3                        {
 269   4                           SUDPTRH = MSB(dscr_ptr);
 270   4                           SUDPTRL = LSB(dscr_ptr);
 271   4                        }
 272   3                        else 
 273   3                           EZUSB_STALL_EP0();   // Stall End Point 0
 274   3                        break;
 275   3                     default:            // Invalid request
 276   3                        EZUSB_STALL_EP0();      // Stall End Point 0
 277   3                  }
 278   2               break;
 279   2            case SC_GET_INTERFACE:                  // *** Get Interface
 280   2               DR_GetInterface();
 281   2               break;
 282   2            case SC_SET_INTERFACE:                  // *** Set Interface
 283   2               DR_SetInterface();
 284   2               break;
 285   2            case SC_SET_CONFIGURATION:               // *** Set Configuration
 286   2               DR_SetConfiguration();
 287   2               break;
 288   2            case SC_GET_CONFIGURATION:               // *** Get Configuration
 289   2               DR_GetConfiguration();
 290   2               break;
 291   2            case SC_GET_STATUS:                  // *** Get Status
 292   2               if(DR_GetStatus())
 293   2                  switch(SETUPDAT[0])
 294   2                  {
 295   3                     case GS_DEVICE:            // Device
 296   3                        EP0BUF[0] = ((BYTE)Rwuen << 1) | (BYTE)Selfpwr;
 297   3                        EP0BUF[1] = 0;
 298   3                        EP0BCH = 0;
 299   3                        EP0BCL = 2;
 300   3                        break;
 301   3                     case GS_INTERFACE:         // Interface
 302   3                        EP0BUF[0] = 0;
C51 COMPILER V7.07   FW                                                                    10/22/2021 20:06:01 PAGE 6   

 303   3                        EP0BUF[1] = 0;
 304   3                        EP0BCH = 0;
 305   3                        EP0BCL = 2;
 306   3                        break;
 307   3                     case GS_ENDPOINT:         // End Point
 308   3                        EP0BUF[0] = *(BYTE xdata *) epcs(SETUPDAT[4]) & bmEPSTALL;
 309   3                        EP0BUF[1] = 0;
 310   3                        EP0BCH = 0;
 311   3                        EP0BCL = 2;
 312   3                        break;
 313   3                     default:            // Invalid Command
 314   3                        EZUSB_STALL_EP0();      // Stall End Point 0
 315   3                  }
 316   2               break;
 317   2            case SC_CLEAR_FEATURE:                  // *** Clear Feature
 318   2               if(DR_ClearFeature())
 319   2                  switch(SETUPDAT[0])
 320   2                  {
 321   3                     case FT_DEVICE:            // Device
 322   3                        if(SETUPDAT[2] == 1)
 323   3                           Rwuen = FALSE;       // Disable Remote Wakeup
 324   3                        else
 325   3                           EZUSB_STALL_EP0();   // Stall End Point 0
 326   3                        break;
 327   3                     case FT_ENDPOINT:         // End Point
 328   3                        if(SETUPDAT[2] == 0)
 329   3                        {
 330   4                           *(BYTE xdata *) epcs(SETUPDAT[4]) &= ~bmEPSTALL;
 331   4                           EZUSB_RESET_DATA_TOGGLE( SETUPDAT[4] );
 332   4                        }
 333   3                        else
 334   3                           EZUSB_STALL_EP0();   // Stall End Point 0
 335   3                        break;
 336   3                  }
 337   2               break;
 338   2            case SC_SET_FEATURE:                  // *** Set Feature
 339   2               if(DR_SetFeature())
 340   2                  switch(SETUPDAT[0])
 341   2                  {
 342   3                     case FT_DEVICE:            // Device
 343   3                        if(SETUPDAT[2] == 1)
 344   3                           Rwuen = TRUE;      // Enable Remote Wakeup
 345   3                        else if(SETUPDAT[2] == 2)
 346   3                           // Set Feature Test Mode.  The core handles this request.  However, it is
 347   3                           // necessary for the firmware to complete the handshake phase of the
 348   3                           // control transfer before the chip will enter test mode.  It is also
 349   3                           // necessary for FX2 to be physically disconnected (D+ and D-)
 350   3                           // from the host before it will enter test mode.
 351   3                           break;
 352   3                        else
 353   3                           EZUSB_STALL_EP0();   // Stall End Point 0
 354   3                        break;
 355   3                     case FT_ENDPOINT:         // End Point
 356   3                        *(BYTE xdata *) epcs(SETUPDAT[4]) |= bmEPSTALL;
 357   3                        break;
 358   3                  }
 359   2               break;
 360   2            default:                     // *** Invalid Command
 361   2               if(DR_VendorCmnd())
 362   2                  EZUSB_STALL_EP0();            // Stall End Point 0
 363   2         }
 364   1      
C51 COMPILER V7.07   FW                                                                    10/22/2021 20:06:01 PAGE 7   

 365   1         // Acknowledge handshake phase of device request
 366   1         EP0CS |= bmHSNAK;
 367   1      }
 368          
 369          // Wake-up interrupt handler
 370          void resume_isr(void) interrupt WKUP_VECT
 371          {
 372   1         EZUSB_CLEAR_RSMIRQ();
 373   1      }
 374          
 375          


MODULE INFORMATION:   STATIC OVERLAYABLE
   CODE SIZE        =   1152    ----
   CONSTANT SIZE    =     10    ----
   XDATA SIZE       =   ----    ----
   PDATA SIZE       =   ----    ----
   DATA SIZE        =     14      20
   IDATA SIZE       =   ----    ----
   BIT SIZE         =      4    ----
END OF MODULE INFORMATION.


C51 COMPILATION COMPLETE.  0 WARNING(S),  0 ERROR(S)
